  Determining projects to restore...
C:\Users\IT Department\Desktop\NCD-API\MH.Domain\MH.Domain.csproj : warning NU1903: Package 'MimeKit' 3.2.0 has a known high severity vulnerability, https://github.com/advisories/GHSA-gmc6-fwg3-75m5 [C:\Users\IT Department\Desktop\NCD-API\MedicalHistory.sln]
  All projects are up-to-date for restore.
C:\Users\IT Department\Desktop\NCD-API\MH.Domain\MH.Domain.csproj : warning NU1903: Package 'MimeKit' 3.2.0 has a known high severity vulnerability, https://github.com/advisories/GHSA-gmc6-fwg3-75m5
  MH.Domain -> C:\Users\IT Department\Desktop\NCD-API\MH.Domain\bin\Debug\net8.0\MH.Domain.dll
C:\Users\IT Department\Desktop\NCD-API\MH.Infrastructure\Migrations\20230405101716_initial.cs(9,26): warning CS8981: The type name 'initial' only contains lower-cased ascii characters. Such names may become reserved for the language. [C:\Users\IT Department\Desktop\NCD-API\MH.Infrastructure\MH.Infrastructure.csproj]
C:\Users\IT Department\Desktop\NCD-API\MH.Infrastructure\Migrations\20230405101716_initial.Designer.cs(16,19): warning CS8981: The type name 'initial' only contains lower-cased ascii characters. Such names may become reserved for the language. [C:\Users\IT Department\Desktop\NCD-API\MH.Infrastructure\MH.Infrastructure.csproj]
C:\Users\IT Department\Desktop\NCD-API\MH.Infrastructure\Migrations\20230405104447_add-fk-position-user.cs(8,26): warning CS8981: The type name 'addfkpositionuser' only contains lower-cased ascii characters. Such names may become reserved for the language. [C:\Users\IT Department\Desktop\NCD-API\MH.Infrastructure\MH.Infrastructure.csproj]
C:\Users\IT Department\Desktop\NCD-API\MH.Infrastructure\Migrations\20230405104447_add-fk-position-user.Designer.cs(16,19): warning CS8981: The type name 'addfkpositionuser' only contains lower-cased ascii characters. Such names may become reserved for the language. [C:\Users\IT Department\Desktop\NCD-API\MH.Infrastructure\MH.Infrastructure.csproj]
C:\Users\IT Department\Desktop\NCD-API\MH.Infrastructure\Migrations\20230406063407_add-defaultvalue.cs(8,26): warning CS8981: The type name 'adddefaultvalue' only contains lower-cased ascii characters. Such names may become reserved for the language. [C:\Users\IT Department\Desktop\NCD-API\MH.Infrastructure\MH.Infrastructure.csproj]
C:\Users\IT Department\Desktop\NCD-API\MH.Infrastructure\Migrations\20230406063407_add-defaultvalue.Designer.cs(16,19): warning CS8981: The type name 'adddefaultvalue' only contains lower-cased ascii characters. Such names may become reserved for the language. [C:\Users\IT Department\Desktop\NCD-API\MH.Infrastructure\MH.Infrastructure.csproj]
C:\Users\IT Department\Desktop\NCD-API\MH.Infrastructure\DBContext\ApplicationDbContext.cs(21,39): warning CS0114: 'ApplicationDbContext.Users' hides inherited member 'IdentityUserContext<ApplicationUser, int, IdentityUserClaim<int>, IdentityUserLogin<int>, IdentityUserToken<int>>.Users'. To make the current member override that implementation, add the override keyword. Otherwise add the new keyword. [C:\Users\IT Department\Desktop\NCD-API\MH.Infrastructure\MH.Infrastructure.csproj]
C:\Users\IT Department\Desktop\NCD-API\MH.Infrastructure\Migrations\20230416064958_add-medical-history.cs(9,26): warning CS8981: The type name 'addmedicalhistory' only contains lower-cased ascii characters. Such names may become reserved for the language. [C:\Users\IT Department\Desktop\NCD-API\MH.Infrastructure\MH.Infrastructure.csproj]
C:\Users\IT Department\Desktop\NCD-API\MH.Infrastructure\Migrations\20230416064958_add-medical-history.Designer.cs(16,19): warning CS8981: The type name 'addmedicalhistory' only contains lower-cased ascii characters. Such names may become reserved for the language. [C:\Users\IT Department\Desktop\NCD-API\MH.Infrastructure\MH.Infrastructure.csproj]
C:\Users\IT Department\Desktop\NCD-API\MH.Infrastructure\Migrations\20230415184531_add-patient.cs(9,26): warning CS8981: The type name 'addpatient' only contains lower-cased ascii characters. Such names may become reserved for the language. [C:\Users\IT Department\Desktop\NCD-API\MH.Infrastructure\MH.Infrastructure.csproj]
C:\Users\IT Department\Desktop\NCD-API\MH.Infrastructure\Migrations\20230415184531_add-patient.Designer.cs(16,19): warning CS8981: The type name 'addpatient' only contains lower-cased ascii characters. Such names may become reserved for the language. [C:\Users\IT Department\Desktop\NCD-API\MH.Infrastructure\MH.Infrastructure.csproj]
C:\Users\IT Department\Desktop\NCD-API\MH.Infrastructure\Migrations\20230416065335_add-fk-medical-history.cs(8,26): warning CS8981: The type name 'addfkmedicalhistory' only contains lower-cased ascii characters. Such names may become reserved for the language. [C:\Users\IT Department\Desktop\NCD-API\MH.Infrastructure\MH.Infrastructure.csproj]
C:\Users\IT Department\Desktop\NCD-API\MH.Infrastructure\Migrations\20230416065335_add-fk-medical-history.Designer.cs(16,19): warning CS8981: The type name 'addfkmedicalhistory' only contains lower-cased ascii characters. Such names may become reserved for the language. [C:\Users\IT Department\Desktop\NCD-API\MH.Infrastructure\MH.Infrastructure.csproj]
C:\Users\IT Department\Desktop\NCD-API\MH.Infrastructure\Migrations\20230419141746_remove-userid-from-patient.cs(8,26): warning CS8981: The type name 'removeuseridfrompatient' only contains lower-cased ascii characters. Such names may become reserved for the language. [C:\Users\IT Department\Desktop\NCD-API\MH.Infrastructure\MH.Infrastructure.csproj]
C:\Users\IT Department\Desktop\NCD-API\MH.Infrastructure\Migrations\20230419141746_remove-userid-from-patient.Designer.cs(16,19): warning CS8981: The type name 'removeuseridfrompatient' only contains lower-cased ascii characters. Such names may become reserved for the language. [C:\Users\IT Department\Desktop\NCD-API\MH.Infrastructure\MH.Infrastructure.csproj]
C:\Users\IT Department\Desktop\NCD-API\MH.Infrastructure\Migrations\20230510172710_add-phone-number-unique.cs(8,26): warning CS8981: The type name 'addphonenumberunique' only contains lower-cased ascii characters. Such names may become reserved for the language. [C:\Users\IT Department\Desktop\NCD-API\MH.Infrastructure\MH.Infrastructure.csproj]
C:\Users\IT Department\Desktop\NCD-API\MH.Infrastructure\Migrations\20230510172710_add-phone-number-unique.Designer.cs(16,19): warning CS8981: The type name 'addphonenumberunique' only contains lower-cased ascii characters. Such names may become reserved for the language. [C:\Users\IT Department\Desktop\NCD-API\MH.Infrastructure\MH.Infrastructure.csproj]
C:\Users\IT Department\Desktop\NCD-API\MH.Infrastructure\Migrations\20240216064355_bloodpressure-to-int.cs(8,26): warning CS8981: The type name 'bloodpressuretoint' only contains lower-cased ascii characters. Such names may become reserved for the language. [C:\Users\IT Department\Desktop\NCD-API\MH.Infrastructure\MH.Infrastructure.csproj]
C:\Users\IT Department\Desktop\NCD-API\MH.Infrastructure\Migrations\20240216064355_bloodpressure-to-int.Designer.cs(16,19): warning CS8981: The type name 'bloodpressuretoint' only contains lower-cased ascii characters. Such names may become reserved for the language. [C:\Users\IT Department\Desktop\NCD-API\MH.Infrastructure\MH.Infrastructure.csproj]
C:\Users\IT Department\Desktop\NCD-API\MH.Infrastructure\Migrations\20230510171252_add-otp.cs(9,26): warning CS8981: The type name 'addotp' only contains lower-cased ascii characters. Such names may become reserved for the language. [C:\Users\IT Department\Desktop\NCD-API\MH.Infrastructure\MH.Infrastructure.csproj]
C:\Users\IT Department\Desktop\NCD-API\MH.Infrastructure\Migrations\20230510171252_add-otp.Designer.cs(16,19): warning CS8981: The type name 'addotp' only contains lower-cased ascii characters. Such names may become reserved for the language. [C:\Users\IT Department\Desktop\NCD-API\MH.Infrastructure\MH.Infrastructure.csproj]
C:\Users\IT Department\Desktop\NCD-API\MH.Infrastructure\Migrations\20230602104925_modify-medical-history.cs(8,26): warning CS8981: The type name 'modifymedicalhistory' only contains lower-cased ascii characters. Such names may become reserved for the language. [C:\Users\IT Department\Desktop\NCD-API\MH.Infrastructure\MH.Infrastructure.csproj]
C:\Users\IT Department\Desktop\NCD-API\MH.Infrastructure\Migrations\20230602104925_modify-medical-history.Designer.cs(16,19): warning CS8981: The type name 'modifymedicalhistory' only contains lower-cased ascii characters. Such names may become reserved for the language. [C:\Users\IT Department\Desktop\NCD-API\MH.Infrastructure\MH.Infrastructure.csproj]
C:\Users\IT Department\Desktop\NCD-API\MH.Infrastructure\Migrations\20240216064716_rename-bloodpressure.cs(8,26): warning CS8981: The type name 'renamebloodpressure' only contains lower-cased ascii characters. Such names may become reserved for the language. [C:\Users\IT Department\Desktop\NCD-API\MH.Infrastructure\MH.Infrastructure.csproj]
C:\Users\IT Department\Desktop\NCD-API\MH.Infrastructure\Migrations\20240216064716_rename-bloodpressure.Designer.cs(16,19): warning CS8981: The type name 'renamebloodpressure' only contains lower-cased ascii characters. Such names may become reserved for the language. [C:\Users\IT Department\Desktop\NCD-API\MH.Infrastructure\MH.Infrastructure.csproj]
C:\Users\IT Department\Desktop\NCD-API\MH.Infrastructure\Repository\AppointmentRepository.cs(14,47): warning CS0108: 'AppointmentRepository._context' hides inherited member 'Repository<Appointment, int>._context'. Use the new keyword if hiding was intended. [C:\Users\IT Department\Desktop\NCD-API\MH.Infrastructure\MH.Infrastructure.csproj]
C:\Users\IT Department\Desktop\NCD-API\MH.Infrastructure\Repository\ContactDetailsRepository.cs(14,47): warning CS0108: 'ContactDetailsRepository._context' hides inherited member 'Repository<ContactDetails, int>._context'. Use the new keyword if hiding was intended. [C:\Users\IT Department\Desktop\NCD-API\MH.Infrastructure\MH.Infrastructure.csproj]
C:\Users\IT Department\Desktop\NCD-API\MH.Infrastructure\Repository\IssueRepository.cs(14,47): warning CS0108: 'IssueRepository._context' hides inherited member 'Repository<Issue, int>._context'. Use the new keyword if hiding was intended. [C:\Users\IT Department\Desktop\NCD-API\MH.Infrastructure\MH.Infrastructure.csproj]
C:\Users\IT Department\Desktop\NCD-API\MH.Infrastructure\Repository\MedicalHistoryRepository.cs(14,47): warning CS0108: 'MedicalHistoryRepository._context' hides inherited member 'Repository<MedicalHistory, int>._context'. Use the new keyword if hiding was intended. [C:\Users\IT Department\Desktop\NCD-API\MH.Infrastructure\MH.Infrastructure.csproj]
C:\Users\IT Department\Desktop\NCD-API\MH.Infrastructure\Repository\OtpRepository.cs(14,47): warning CS0108: 'OtpRepository._context' hides inherited member 'Repository<Otp, int>._context'. Use the new keyword if hiding was intended. [C:\Users\IT Department\Desktop\NCD-API\MH.Infrastructure\MH.Infrastructure.csproj]
C:\Users\IT Department\Desktop\NCD-API\MH.Infrastructure\Repository\PatientRepository.cs(14,47): warning CS0108: 'PatientRepository._context' hides inherited member 'Repository<Patient, int>._context'. Use the new keyword if hiding was intended. [C:\Users\IT Department\Desktop\NCD-API\MH.Infrastructure\MH.Infrastructure.csproj]
C:\Users\IT Department\Desktop\NCD-API\MH.Infrastructure\Repository\PositionRepository.cs(14,47): warning CS0108: 'PositionRepository._context' hides inherited member 'Repository<Position, int>._context'. Use the new keyword if hiding was intended. [C:\Users\IT Department\Desktop\NCD-API\MH.Infrastructure\MH.Infrastructure.csproj]
C:\Users\IT Department\Desktop\NCD-API\MH.Infrastructure\Repository\PriorityRepository.cs(14,47): warning CS0108: 'PriorityRepository._context' hides inherited member 'Repository<Priority, int>._context'. Use the new keyword if hiding was intended. [C:\Users\IT Department\Desktop\NCD-API\MH.Infrastructure\MH.Infrastructure.csproj]
C:\Users\IT Department\Desktop\NCD-API\MH.Infrastructure\Repository\TicketDetailsRepository.cs(14,47): warning CS0108: 'TicketDetailsRepository._context' hides inherited member 'Repository<TicketDetails, int>._context'. Use the new keyword if hiding was intended. [C:\Users\IT Department\Desktop\NCD-API\MH.Infrastructure\MH.Infrastructure.csproj]
C:\Users\IT Department\Desktop\NCD-API\MH.Infrastructure\Repository\InventoryItemRepository.cs(11,47): warning CS0108: 'InventoryItemRepository._context' hides inherited member 'Repository<InventoryItem, int>._context'. Use the new keyword if hiding was intended. [C:\Users\IT Department\Desktop\NCD-API\MH.Infrastructure\MH.Infrastructure.csproj]
C:\Users\IT Department\Desktop\NCD-API\MH.Infrastructure\Repository\TicketStatusRepository.cs(14,47): warning CS0108: 'TicketStatusRepository._context' hides inherited member 'Repository<TicketStatus, int>._context'. Use the new keyword if hiding was intended. [C:\Users\IT Department\Desktop\NCD-API\MH.Infrastructure\MH.Infrastructure.csproj]
C:\Users\IT Department\Desktop\NCD-API\MH.Infrastructure\Repository\LocationRepository.cs(11,47): warning CS0108: 'LocationRepository._context' hides inherited member 'Repository<Province, int>._context'. Use the new keyword if hiding was intended. [C:\Users\IT Department\Desktop\NCD-API\MH.Infrastructure\MH.Infrastructure.csproj]
C:\Users\IT Department\Desktop\NCD-API\MH.Infrastructure\Repository\UserProfileRepository.cs(14,47): warning CS0108: 'UserProfileRepository._context' hides inherited member 'Repository<UserProfile, int>._context'. Use the new keyword if hiding was intended. [C:\Users\IT Department\Desktop\NCD-API\MH.Infrastructure\MH.Infrastructure.csproj]
C:\Users\IT Department\Desktop\NCD-API\MH.Infrastructure\Repository\SaleRepository.cs(11,47): warning CS0108: 'SaleRepository._context' hides inherited member 'Repository<Sale, int>._context'. Use the new keyword if hiding was intended. [C:\Users\IT Department\Desktop\NCD-API\MH.Infrastructure\MH.Infrastructure.csproj]
C:\Users\IT Department\Desktop\NCD-API\MH.Infrastructure\Repository\TrainingSessionRepository.cs(11,47): warning CS0108: 'TrainingSessionRepository._context' hides inherited member 'Repository<TrainingSession, int>._context'. Use the new keyword if hiding was intended. [C:\Users\IT Department\Desktop\NCD-API\MH.Infrastructure\MH.Infrastructure.csproj]
C:\Users\IT Department\Desktop\NCD-API\MH.Infrastructure\UnitOfWork\UnitOfWork.cs(18,16): warning CS8618: Non-nullable field '_issueRepository' must contain a non-null value when exiting constructor. Consider adding the 'required' modifier or declaring the field as nullable. [C:\Users\IT Department\Desktop\NCD-API\MH.Infrastructure\MH.Infrastructure.csproj]
C:\Users\IT Department\Desktop\NCD-API\MH.Infrastructure\UnitOfWork\UnitOfWork.cs(18,16): warning CS8618: Non-nullable field '_ticketDetailsRepository' must contain a non-null value when exiting constructor. Consider adding the 'required' modifier or declaring the field as nullable. [C:\Users\IT Department\Desktop\NCD-API\MH.Infrastructure\MH.Infrastructure.csproj]
C:\Users\IT Department\Desktop\NCD-API\MH.Infrastructure\UnitOfWork\UnitOfWork.cs(18,16): warning CS8618: Non-nullable field '_priorityRepository' must contain a non-null value when exiting constructor. Consider adding the 'required' modifier or declaring the field as nullable. [C:\Users\IT Department\Desktop\NCD-API\MH.Infrastructure\MH.Infrastructure.csproj]
C:\Users\IT Department\Desktop\NCD-API\MH.Infrastructure\UnitOfWork\UnitOfWork.cs(18,16): warning CS8618: Non-nullable field '_ticketStatusRepository' must contain a non-null value when exiting constructor. Consider adding the 'required' modifier or declaring the field as nullable. [C:\Users\IT Department\Desktop\NCD-API\MH.Infrastructure\MH.Infrastructure.csproj]
C:\Users\IT Department\Desktop\NCD-API\MH.Infrastructure\UnitOfWork\UnitOfWork.cs(18,16): warning CS8618: Non-nullable field '_otpRepository' must contain a non-null value when exiting constructor. Consider adding the 'required' modifier or declaring the field as nullable. [C:\Users\IT Department\Desktop\NCD-API\MH.Infrastructure\MH.Infrastructure.csproj]
C:\Users\IT Department\Desktop\NCD-API\MH.Infrastructure\UnitOfWork\UnitOfWork.cs(18,16): warning CS8618: Non-nullable field '_appointmentRepository' must contain a non-null value when exiting constructor. Consider adding the 'required' modifier or declaring the field as nullable. [C:\Users\IT Department\Desktop\NCD-API\MH.Infrastructure\MH.Infrastructure.csproj]
C:\Users\IT Department\Desktop\NCD-API\MH.Infrastructure\UnitOfWork\UnitOfWork.cs(18,16): warning CS8618: Non-nullable field '_medicalHistoryRepository' must contain a non-null value when exiting constructor. Consider adding the 'required' modifier or declaring the field as nullable. [C:\Users\IT Department\Desktop\NCD-API\MH.Infrastructure\MH.Infrastructure.csproj]
C:\Users\IT Department\Desktop\NCD-API\MH.Infrastructure\UnitOfWork\UnitOfWork.cs(18,16): warning CS8618: Non-nullable field '_patientRepository' must contain a non-null value when exiting constructor. Consider adding the 'required' modifier or declaring the field as nullable. [C:\Users\IT Department\Desktop\NCD-API\MH.Infrastructure\MH.Infrastructure.csproj]
C:\Users\IT Department\Desktop\NCD-API\MH.Infrastructure\UnitOfWork\UnitOfWork.cs(18,16): warning CS8618: Non-nullable field '_contactDetailsRepository' must contain a non-null value when exiting constructor. Consider adding the 'required' modifier or declaring the field as nullable. [C:\Users\IT Department\Desktop\NCD-API\MH.Infrastructure\MH.Infrastructure.csproj]
C:\Users\IT Department\Desktop\NCD-API\MH.Infrastructure\UnitOfWork\UnitOfWork.cs(18,16): warning CS8618: Non-nullable field '_positionRepository' must contain a non-null value when exiting constructor. Consider adding the 'required' modifier or declaring the field as nullable. [C:\Users\IT Department\Desktop\NCD-API\MH.Infrastructure\MH.Infrastructure.csproj]
C:\Users\IT Department\Desktop\NCD-API\MH.Infrastructure\UnitOfWork\UnitOfWork.cs(18,16): warning CS8618: Non-nullable field '_userProfileRepository' must contain a non-null value when exiting constructor. Consider adding the 'required' modifier or declaring the field as nullable. [C:\Users\IT Department\Desktop\NCD-API\MH.Infrastructure\MH.Infrastructure.csproj]
C:\Users\IT Department\Desktop\NCD-API\MH.Infrastructure\External\SmsService.cs(16,27): warning CS1998: This async method lacks 'await' operators and will run synchronously. Consider using the 'await' operator to await non-blocking API calls, or 'await Task.Run(...)' to do CPU-bound work on a background thread. [C:\Users\IT Department\Desktop\NCD-API\MH.Infrastructure\MH.Infrastructure.csproj]
C:\Users\IT Department\Desktop\NCD-API\MH.Infrastructure\Repository\LocationRepository.cs(20,35): error CS1061: 'ApplicationDbContext' does not contain a definition for 'Provinces' and no accessible extension method 'Provinces' accepting a first argument of type 'ApplicationDbContext' could be found (are you missing a using directive or an assembly reference?) [C:\Users\IT Department\Desktop\NCD-API\MH.Infrastructure\MH.Infrastructure.csproj]
C:\Users\IT Department\Desktop\NCD-API\MH.Infrastructure\Repository\LocationRepository.cs(29,35): error CS1061: 'ApplicationDbContext' does not contain a definition for 'Districts' and no accessible extension method 'Districts' accepting a first argument of type 'ApplicationDbContext' could be found (are you missing a using directive or an assembly reference?) [C:\Users\IT Department\Desktop\NCD-API\MH.Infrastructure\MH.Infrastructure.csproj]
C:\Users\IT Department\Desktop\NCD-API\MH.Infrastructure\Repository\LocationRepository.cs(39,35): error CS1061: 'ApplicationDbContext' does not contain a definition for 'Hospitals' and no accessible extension method 'Hospitals' accepting a first argument of type 'ApplicationDbContext' could be found (are you missing a using directive or an assembly reference?) [C:\Users\IT Department\Desktop\NCD-API\MH.Infrastructure\MH.Infrastructure.csproj]
C:\Users\IT Department\Desktop\NCD-API\MH.Infrastructure\Repository\LocationRepository.cs(51,35): error CS1061: 'ApplicationDbContext' does not contain a definition for 'Hospitals' and no accessible extension method 'Hospitals' accepting a first argument of type 'ApplicationDbContext' could be found (are you missing a using directive or an assembly reference?) [C:\Users\IT Department\Desktop\NCD-API\MH.Infrastructure\MH.Infrastructure.csproj]
C:\Users\IT Department\Desktop\NCD-API\MH.Infrastructure\Repository\LocationRepository.cs(62,35): error CS1061: 'ApplicationDbContext' does not contain a definition for 'Clinics' and no accessible extension method 'Clinics' accepting a first argument of type 'ApplicationDbContext' could be found (are you missing a using directive or an assembly reference?) [C:\Users\IT Department\Desktop\NCD-API\MH.Infrastructure\MH.Infrastructure.csproj]
C:\Users\IT Department\Desktop\NCD-API\MH.Infrastructure\Repository\LocationRepository.cs(74,35): error CS1061: 'ApplicationDbContext' does not contain a definition for 'Clinics' and no accessible extension method 'Clinics' accepting a first argument of type 'ApplicationDbContext' could be found (are you missing a using directive or an assembly reference?) [C:\Users\IT Department\Desktop\NCD-API\MH.Infrastructure\MH.Infrastructure.csproj]
C:\Users\IT Department\Desktop\NCD-API\MH.Infrastructure\Repository\LocationRepository.cs(85,35): error CS1061: 'ApplicationDbContext' does not contain a definition for 'Provinces' and no accessible extension method 'Provinces' accepting a first argument of type 'ApplicationDbContext' could be found (are you missing a using directive or an assembly reference?) [C:\Users\IT Department\Desktop\NCD-API\MH.Infrastructure\MH.Infrastructure.csproj]
C:\Users\IT Department\Desktop\NCD-API\MH.Infrastructure\Repository\LocationRepository.cs(91,35): error CS1061: 'ApplicationDbContext' does not contain a definition for 'Provinces' and no accessible extension method 'Provinces' accepting a first argument of type 'ApplicationDbContext' could be found (are you missing a using directive or an assembly reference?) [C:\Users\IT Department\Desktop\NCD-API\MH.Infrastructure\MH.Infrastructure.csproj]
C:\Users\IT Department\Desktop\NCD-API\MH.Infrastructure\Repository\Repository.cs(47,47): warning CS1998: This async method lacks 'await' operators and will run synchronously. Consider using the 'await' operator to await non-blocking API calls, or 'await Task.Run(...)' to do CPU-bound work on a background thread. [C:\Users\IT Department\Desktop\NCD-API\MH.Infrastructure\MH.Infrastructure.csproj]
C:\Users\IT Department\Desktop\NCD-API\MH.Infrastructure\Repository\Repository.cs(91,72): warning CS8602: Dereference of a possibly null reference. [C:\Users\IT Department\Desktop\NCD-API\MH.Infrastructure\MH.Infrastructure.csproj]
C:\Users\IT Department\Desktop\NCD-API\MH.Infrastructure\Repository\Repository.cs(91,20): warning CS8603: Possible null reference return. [C:\Users\IT Department\Desktop\NCD-API\MH.Infrastructure\MH.Infrastructure.csproj]
C:\Users\IT Department\Desktop\NCD-API\MH.Infrastructure\Repository\Repository.cs(96,20): warning CS8603: Possible null reference return. [C:\Users\IT Department\Desktop\NCD-API\MH.Infrastructure\MH.Infrastructure.csproj]
C:\Users\IT Department\Desktop\NCD-API\MH.Infrastructure\Repository\Repository.cs(102,20): warning CS8603: Possible null reference return. [C:\Users\IT Department\Desktop\NCD-API\MH.Infrastructure\MH.Infrastructure.csproj]
C:\Users\IT Department\Desktop\NCD-API\MH.Infrastructure\Repository\Repository.cs(123,27): warning CS1998: This async method lacks 'await' operators and will run synchronously. Consider using the 'await' operator to await non-blocking API calls, or 'await Task.Run(...)' to do CPU-bound work on a background thread. [C:\Users\IT Department\Desktop\NCD-API\MH.Infrastructure\MH.Infrastructure.csproj]
C:\Users\IT Department\Desktop\NCD-API\MH.Infrastructure\Repository\Repository.cs(127,27): warning CS1998: This async method lacks 'await' operators and will run synchronously. Consider using the 'await' operator to await non-blocking API calls, or 'await Task.Run(...)' to do CPU-bound work on a background thread. [C:\Users\IT Department\Desktop\NCD-API\MH.Infrastructure\MH.Infrastructure.csproj]
C:\Users\IT Department\Desktop\NCD-API\MH.Infrastructure\Repository\Repository.cs(137,27): warning CS1998: This async method lacks 'await' operators and will run synchronously. Consider using the 'await' operator to await non-blocking API calls, or 'await Task.Run(...)' to do CPU-bound work on a background thread. [C:\Users\IT Department\Desktop\NCD-API\MH.Infrastructure\MH.Infrastructure.csproj]
C:\Users\IT Department\Desktop\NCD-API\MH.Infrastructure\Repository\Repository.cs(142,27): warning CS1998: This async method lacks 'await' operators and will run synchronously. Consider using the 'await' operator to await non-blocking API calls, or 'await Task.Run(...)' to do CPU-bound work on a background thread. [C:\Users\IT Department\Desktop\NCD-API\MH.Infrastructure\MH.Infrastructure.csproj]
C:\Users\IT Department\Desktop\NCD-API\MH.Infrastructure\Repository\RoleRepository.cs(17,20): warning CS8603: Possible null reference return. [C:\Users\IT Department\Desktop\NCD-API\MH.Infrastructure\MH.Infrastructure.csproj]
C:\Users\IT Department\Desktop\NCD-API\MH.Infrastructure\Repository\SaleRepository.cs(20,35): error CS1061: 'ApplicationDbContext' does not contain a definition for 'Sales' and no accessible extension method 'Sales' accepting a first argument of type 'ApplicationDbContext' could be found (are you missing a using directive or an assembly reference?) [C:\Users\IT Department\Desktop\NCD-API\MH.Infrastructure\MH.Infrastructure.csproj]
C:\Users\IT Department\Desktop\NCD-API\MH.Infrastructure\Repository\SaleRepository.cs(29,35): error CS1061: 'ApplicationDbContext' does not contain a definition for 'Sales' and no accessible extension method 'Sales' accepting a first argument of type 'ApplicationDbContext' could be found (are you missing a using directive or an assembly reference?) [C:\Users\IT Department\Desktop\NCD-API\MH.Infrastructure\MH.Infrastructure.csproj]
C:\Users\IT Department\Desktop\NCD-API\MH.Infrastructure\Repository\UserRepository.cs(59,20): warning CS8603: Possible null reference return. [C:\Users\IT Department\Desktop\NCD-API\MH.Infrastructure\MH.Infrastructure.csproj]
C:\Users\IT Department\Desktop\NCD-API\MH.Infrastructure\Repository\SaleRepository.cs(38,35): error CS1061: 'ApplicationDbContext' does not contain a definition for 'Sales' and no accessible extension method 'Sales' accepting a first argument of type 'ApplicationDbContext' could be found (are you missing a using directive or an assembly reference?) [C:\Users\IT Department\Desktop\NCD-API\MH.Infrastructure\MH.Infrastructure.csproj]
C:\Users\IT Department\Desktop\NCD-API\MH.Infrastructure\Repository\SaleRepository.cs(47,35): error CS1061: 'ApplicationDbContext' does not contain a definition for 'Sales' and no accessible extension method 'Sales' accepting a first argument of type 'ApplicationDbContext' could be found (are you missing a using directive or an assembly reference?) [C:\Users\IT Department\Desktop\NCD-API\MH.Infrastructure\MH.Infrastructure.csproj]
C:\Users\IT Department\Desktop\NCD-API\MH.Infrastructure\Repository\SaleRepository.cs(56,35): error CS1061: 'ApplicationDbContext' does not contain a definition for 'Sales' and no accessible extension method 'Sales' accepting a first argument of type 'ApplicationDbContext' could be found (are you missing a using directive or an assembly reference?) [C:\Users\IT Department\Desktop\NCD-API\MH.Infrastructure\MH.Infrastructure.csproj]
C:\Users\IT Department\Desktop\NCD-API\MH.Infrastructure\Repository\SaleRepository.cs(63,34): error CS1061: 'ApplicationDbContext' does not contain a definition for 'Sales' and no accessible extension method 'Sales' accepting a first argument of type 'ApplicationDbContext' could be found (are you missing a using directive or an assembly reference?) [C:\Users\IT Department\Desktop\NCD-API\MH.Infrastructure\MH.Infrastructure.csproj]
C:\Users\IT Department\Desktop\NCD-API\MH.Infrastructure\Repository\SaleRepository.cs(79,43): error CS1061: 'ApplicationDbContext' does not contain a definition for 'Sales' and no accessible extension method 'Sales' accepting a first argument of type 'ApplicationDbContext' could be found (are you missing a using directive or an assembly reference?) [C:\Users\IT Department\Desktop\NCD-API\MH.Infrastructure\MH.Infrastructure.csproj]
C:\Users\IT Department\Desktop\NCD-API\MH.Infrastructure\Repository\TrainingSessionRepository.cs(20,35): error CS1061: 'ApplicationDbContext' does not contain a definition for 'TrainingSessions' and no accessible extension method 'TrainingSessions' accepting a first argument of type 'ApplicationDbContext' could be found (are you missing a using directive or an assembly reference?) [C:\Users\IT Department\Desktop\NCD-API\MH.Infrastructure\MH.Infrastructure.csproj]
C:\Users\IT Department\Desktop\NCD-API\MH.Infrastructure\Repository\TrainingSessionRepository.cs(30,35): error CS1061: 'ApplicationDbContext' does not contain a definition for 'TrainingSessions' and no accessible extension method 'TrainingSessions' accepting a first argument of type 'ApplicationDbContext' could be found (are you missing a using directive or an assembly reference?) [C:\Users\IT Department\Desktop\NCD-API\MH.Infrastructure\MH.Infrastructure.csproj]
C:\Users\IT Department\Desktop\NCD-API\MH.Infrastructure\Repository\TrainingSessionRepository.cs(40,35): error CS1061: 'ApplicationDbContext' does not contain a definition for 'TrainingSessions' and no accessible extension method 'TrainingSessions' accepting a first argument of type 'ApplicationDbContext' could be found (are you missing a using directive or an assembly reference?) [C:\Users\IT Department\Desktop\NCD-API\MH.Infrastructure\MH.Infrastructure.csproj]
C:\Users\IT Department\Desktop\NCD-API\MH.Infrastructure\Repository\SaleRepository.cs(100,40): error CS1061: 'ApplicationDbContext' does not contain a definition for 'Sales' and no accessible extension method 'Sales' accepting a first argument of type 'ApplicationDbContext' could be found (are you missing a using directive or an assembly reference?) [C:\Users\IT Department\Desktop\NCD-API\MH.Infrastructure\MH.Infrastructure.csproj]
C:\Users\IT Department\Desktop\NCD-API\MH.Infrastructure\Repository\TrainingSessionRepository.cs(50,35): error CS1061: 'ApplicationDbContext' does not contain a definition for 'TrainingSessions' and no accessible extension method 'TrainingSessions' accepting a first argument of type 'ApplicationDbContext' could be found (are you missing a using directive or an assembly reference?) [C:\Users\IT Department\Desktop\NCD-API\MH.Infrastructure\MH.Infrastructure.csproj]
C:\Users\IT Department\Desktop\NCD-API\MH.Infrastructure\Repository\TrainingSessionRepository.cs(60,35): error CS1061: 'ApplicationDbContext' does not contain a definition for 'TrainingSessions' and no accessible extension method 'TrainingSessions' accepting a first argument of type 'ApplicationDbContext' could be found (are you missing a using directive or an assembly reference?) [C:\Users\IT Department\Desktop\NCD-API\MH.Infrastructure\MH.Infrastructure.csproj]
C:\Users\IT Department\Desktop\NCD-API\MH.Infrastructure\Repository\TrainingSessionRepository.cs(67,35): error CS1061: 'ApplicationDbContext' does not contain a definition for 'TrainingSessions' and no accessible extension method 'TrainingSessions' accepting a first argument of type 'ApplicationDbContext' could be found (are you missing a using directive or an assembly reference?) [C:\Users\IT Department\Desktop\NCD-API\MH.Infrastructure\MH.Infrastructure.csproj]
C:\Users\IT Department\Desktop\NCD-API\MH.Infrastructure\Repository\SaleRepository.cs(117,50): error CS1061: 'ApplicationDbContext' does not contain a definition for 'Sales' and no accessible extension method 'Sales' accepting a first argument of type 'ApplicationDbContext' could be found (are you missing a using directive or an assembly reference?) [C:\Users\IT Department\Desktop\NCD-API\MH.Infrastructure\MH.Infrastructure.csproj]
C:\Users\IT Department\Desktop\NCD-API\MH.Infrastructure\Repository\SaleRepository.cs(136,46): error CS1061: 'ApplicationDbContext' does not contain a definition for 'SaleItems' and no accessible extension method 'SaleItems' accepting a first argument of type 'ApplicationDbContext' could be found (are you missing a using directive or an assembly reference?) [C:\Users\IT Department\Desktop\NCD-API\MH.Infrastructure\MH.Infrastructure.csproj]
C:\Users\IT Department\Desktop\NCD-API\MH.Infrastructure\Repository\SaleRepository.cs(156,35): error CS1061: 'ApplicationDbContext' does not contain a definition for 'Sales' and no accessible extension method 'Sales' accepting a first argument of type 'ApplicationDbContext' could be found (are you missing a using directive or an assembly reference?) [C:\Users\IT Department\Desktop\NCD-API\MH.Infrastructure\MH.Infrastructure.csproj]
C:\Users\IT Department\Desktop\NCD-API\MH.Infrastructure\UnitOfWork\UnitOfWork.cs(36,32): warning CS0649: Field 'UnitOfWork._otpRepository' is never assigned to, and will always have its default value null [C:\Users\IT Department\Desktop\NCD-API\MH.Infrastructure\MH.Infrastructure.csproj]
C:\Users\IT Department\Desktop\NCD-API\MH.Infrastructure\UnitOfWork\UnitOfWork.cs(33,41): warning CS0649: Field 'UnitOfWork._ticketStatusRepository' is never assigned to, and will always have its default value null [C:\Users\IT Department\Desktop\NCD-API\MH.Infrastructure\MH.Infrastructure.csproj]
C:\Users\IT Department\Desktop\NCD-API\MH.Infrastructure\UnitOfWork\UnitOfWork.cs(53,40): warning CS0649: Field 'UnitOfWork._userProfileRepository' is never assigned to, and will always have its default value null [C:\Users\IT Department\Desktop\NCD-API\MH.Infrastructure\MH.Infrastructure.csproj]
C:\Users\IT Department\Desktop\NCD-API\MH.Infrastructure\UnitOfWork\UnitOfWork.cs(45,36): warning CS0649: Field 'UnitOfWork._patientRepository' is never assigned to, and will always have its default value null [C:\Users\IT Department\Desktop\NCD-API\MH.Infrastructure\MH.Infrastructure.csproj]
C:\Users\IT Department\Desktop\NCD-API\MH.Infrastructure\UnitOfWork\UnitOfWork.cs(24,34): warning CS0649: Field 'UnitOfWork._issueRepository' is never assigned to, and will always have its default value null [C:\Users\IT Department\Desktop\NCD-API\MH.Infrastructure\MH.Infrastructure.csproj]
C:\Users\IT Department\Desktop\NCD-API\MH.Infrastructure\UnitOfWork\UnitOfWork.cs(48,43): warning CS0649: Field 'UnitOfWork._contactDetailsRepository' is never assigned to, and will always have its default value null [C:\Users\IT Department\Desktop\NCD-API\MH.Infrastructure\MH.Infrastructure.csproj]
C:\Users\IT Department\Desktop\NCD-API\MH.Infrastructure\UnitOfWork\UnitOfWork.cs(42,43): warning CS0649: Field 'UnitOfWork._medicalHistoryRepository' is never assigned to, and will always have its default value null [C:\Users\IT Department\Desktop\NCD-API\MH.Infrastructure\MH.Infrastructure.csproj]
C:\Users\IT Department\Desktop\NCD-API\MH.Infrastructure\UnitOfWork\UnitOfWork.cs(27,42): warning CS0649: Field 'UnitOfWork._ticketDetailsRepository' is never assigned to, and will always have its default value null [C:\Users\IT Department\Desktop\NCD-API\MH.Infrastructure\MH.Infrastructure.csproj]
C:\Users\IT Department\Desktop\NCD-API\MH.Infrastructure\UnitOfWork\UnitOfWork.cs(39,40): warning CS0649: Field 'UnitOfWork._appointmentRepository' is never assigned to, and will always have its default value null [C:\Users\IT Department\Desktop\NCD-API\MH.Infrastructure\MH.Infrastructure.csproj]
C:\Users\IT Department\Desktop\NCD-API\MH.Infrastructure\UnitOfWork\UnitOfWork.cs(56,37): warning CS0649: Field 'UnitOfWork._trainerRepository' is never assigned to, and will always have its default value null [C:\Users\IT Department\Desktop\NCD-API\MH.Infrastructure\MH.Infrastructure.csproj]
C:\Users\IT Department\Desktop\NCD-API\MH.Infrastructure\UnitOfWork\UnitOfWork.cs(30,37): warning CS0649: Field 'UnitOfWork._priorityRepository' is never assigned to, and will always have its default value null [C:\Users\IT Department\Desktop\NCD-API\MH.Infrastructure\MH.Infrastructure.csproj]
C:\Users\IT Department\Desktop\NCD-API\MH.Infrastructure\UnitOfWork\UnitOfWork.cs(51,37): warning CS0649: Field 'UnitOfWork._positionRepository' is never assigned to, and will always have its default value null [C:\Users\IT Department\Desktop\NCD-API\MH.Infrastructure\MH.Infrastructure.csproj]

Build FAILED.

C:\Users\IT Department\Desktop\NCD-API\MH.Domain\MH.Domain.csproj : warning NU1903: Package 'MimeKit' 3.2.0 has a known high severity vulnerability, https://github.com/advisories/GHSA-gmc6-fwg3-75m5 [C:\Users\IT Department\Desktop\NCD-API\MedicalHistory.sln]
C:\Users\IT Department\Desktop\NCD-API\MH.Domain\MH.Domain.csproj : warning NU1903: Package 'MimeKit' 3.2.0 has a known high severity vulnerability, https://github.com/advisories/GHSA-gmc6-fwg3-75m5
C:\Users\IT Department\Desktop\NCD-API\MH.Infrastructure\Migrations\20230405101716_initial.cs(9,26): warning CS8981: The type name 'initial' only contains lower-cased ascii characters. Such names may become reserved for the language. [C:\Users\IT Department\Desktop\NCD-API\MH.Infrastructure\MH.Infrastructure.csproj]
C:\Users\IT Department\Desktop\NCD-API\MH.Infrastructure\Migrations\20230405101716_initial.Designer.cs(16,19): warning CS8981: The type name 'initial' only contains lower-cased ascii characters. Such names may become reserved for the language. [C:\Users\IT Department\Desktop\NCD-API\MH.Infrastructure\MH.Infrastructure.csproj]
C:\Users\IT Department\Desktop\NCD-API\MH.Infrastructure\Migrations\20230405104447_add-fk-position-user.cs(8,26): warning CS8981: The type name 'addfkpositionuser' only contains lower-cased ascii characters. Such names may become reserved for the language. [C:\Users\IT Department\Desktop\NCD-API\MH.Infrastructure\MH.Infrastructure.csproj]
C:\Users\IT Department\Desktop\NCD-API\MH.Infrastructure\Migrations\20230405104447_add-fk-position-user.Designer.cs(16,19): warning CS8981: The type name 'addfkpositionuser' only contains lower-cased ascii characters. Such names may become reserved for the language. [C:\Users\IT Department\Desktop\NCD-API\MH.Infrastructure\MH.Infrastructure.csproj]
C:\Users\IT Department\Desktop\NCD-API\MH.Infrastructure\Migrations\20230406063407_add-defaultvalue.cs(8,26): warning CS8981: The type name 'adddefaultvalue' only contains lower-cased ascii characters. Such names may become reserved for the language. [C:\Users\IT Department\Desktop\NCD-API\MH.Infrastructure\MH.Infrastructure.csproj]
C:\Users\IT Department\Desktop\NCD-API\MH.Infrastructure\Migrations\20230406063407_add-defaultvalue.Designer.cs(16,19): warning CS8981: The type name 'adddefaultvalue' only contains lower-cased ascii characters. Such names may become reserved for the language. [C:\Users\IT Department\Desktop\NCD-API\MH.Infrastructure\MH.Infrastructure.csproj]
C:\Users\IT Department\Desktop\NCD-API\MH.Infrastructure\DBContext\ApplicationDbContext.cs(21,39): warning CS0114: 'ApplicationDbContext.Users' hides inherited member 'IdentityUserContext<ApplicationUser, int, IdentityUserClaim<int>, IdentityUserLogin<int>, IdentityUserToken<int>>.Users'. To make the current member override that implementation, add the override keyword. Otherwise add the new keyword. [C:\Users\IT Department\Desktop\NCD-API\MH.Infrastructure\MH.Infrastructure.csproj]
C:\Users\IT Department\Desktop\NCD-API\MH.Infrastructure\Migrations\20230416064958_add-medical-history.cs(9,26): warning CS8981: The type name 'addmedicalhistory' only contains lower-cased ascii characters. Such names may become reserved for the language. [C:\Users\IT Department\Desktop\NCD-API\MH.Infrastructure\MH.Infrastructure.csproj]
C:\Users\IT Department\Desktop\NCD-API\MH.Infrastructure\Migrations\20230416064958_add-medical-history.Designer.cs(16,19): warning CS8981: The type name 'addmedicalhistory' only contains lower-cased ascii characters. Such names may become reserved for the language. [C:\Users\IT Department\Desktop\NCD-API\MH.Infrastructure\MH.Infrastructure.csproj]
C:\Users\IT Department\Desktop\NCD-API\MH.Infrastructure\Migrations\20230415184531_add-patient.cs(9,26): warning CS8981: The type name 'addpatient' only contains lower-cased ascii characters. Such names may become reserved for the language. [C:\Users\IT Department\Desktop\NCD-API\MH.Infrastructure\MH.Infrastructure.csproj]
C:\Users\IT Department\Desktop\NCD-API\MH.Infrastructure\Migrations\20230415184531_add-patient.Designer.cs(16,19): warning CS8981: The type name 'addpatient' only contains lower-cased ascii characters. Such names may become reserved for the language. [C:\Users\IT Department\Desktop\NCD-API\MH.Infrastructure\MH.Infrastructure.csproj]
C:\Users\IT Department\Desktop\NCD-API\MH.Infrastructure\Migrations\20230416065335_add-fk-medical-history.cs(8,26): warning CS8981: The type name 'addfkmedicalhistory' only contains lower-cased ascii characters. Such names may become reserved for the language. [C:\Users\IT Department\Desktop\NCD-API\MH.Infrastructure\MH.Infrastructure.csproj]
C:\Users\IT Department\Desktop\NCD-API\MH.Infrastructure\Migrations\20230416065335_add-fk-medical-history.Designer.cs(16,19): warning CS8981: The type name 'addfkmedicalhistory' only contains lower-cased ascii characters. Such names may become reserved for the language. [C:\Users\IT Department\Desktop\NCD-API\MH.Infrastructure\MH.Infrastructure.csproj]
C:\Users\IT Department\Desktop\NCD-API\MH.Infrastructure\Migrations\20230419141746_remove-userid-from-patient.cs(8,26): warning CS8981: The type name 'removeuseridfrompatient' only contains lower-cased ascii characters. Such names may become reserved for the language. [C:\Users\IT Department\Desktop\NCD-API\MH.Infrastructure\MH.Infrastructure.csproj]
C:\Users\IT Department\Desktop\NCD-API\MH.Infrastructure\Migrations\20230419141746_remove-userid-from-patient.Designer.cs(16,19): warning CS8981: The type name 'removeuseridfrompatient' only contains lower-cased ascii characters. Such names may become reserved for the language. [C:\Users\IT Department\Desktop\NCD-API\MH.Infrastructure\MH.Infrastructure.csproj]
C:\Users\IT Department\Desktop\NCD-API\MH.Infrastructure\Migrations\20230510172710_add-phone-number-unique.cs(8,26): warning CS8981: The type name 'addphonenumberunique' only contains lower-cased ascii characters. Such names may become reserved for the language. [C:\Users\IT Department\Desktop\NCD-API\MH.Infrastructure\MH.Infrastructure.csproj]
C:\Users\IT Department\Desktop\NCD-API\MH.Infrastructure\Migrations\20230510172710_add-phone-number-unique.Designer.cs(16,19): warning CS8981: The type name 'addphonenumberunique' only contains lower-cased ascii characters. Such names may become reserved for the language. [C:\Users\IT Department\Desktop\NCD-API\MH.Infrastructure\MH.Infrastructure.csproj]
C:\Users\IT Department\Desktop\NCD-API\MH.Infrastructure\Migrations\20240216064355_bloodpressure-to-int.cs(8,26): warning CS8981: The type name 'bloodpressuretoint' only contains lower-cased ascii characters. Such names may become reserved for the language. [C:\Users\IT Department\Desktop\NCD-API\MH.Infrastructure\MH.Infrastructure.csproj]
C:\Users\IT Department\Desktop\NCD-API\MH.Infrastructure\Migrations\20240216064355_bloodpressure-to-int.Designer.cs(16,19): warning CS8981: The type name 'bloodpressuretoint' only contains lower-cased ascii characters. Such names may become reserved for the language. [C:\Users\IT Department\Desktop\NCD-API\MH.Infrastructure\MH.Infrastructure.csproj]
C:\Users\IT Department\Desktop\NCD-API\MH.Infrastructure\Migrations\20230510171252_add-otp.cs(9,26): warning CS8981: The type name 'addotp' only contains lower-cased ascii characters. Such names may become reserved for the language. [C:\Users\IT Department\Desktop\NCD-API\MH.Infrastructure\MH.Infrastructure.csproj]
C:\Users\IT Department\Desktop\NCD-API\MH.Infrastructure\Migrations\20230510171252_add-otp.Designer.cs(16,19): warning CS8981: The type name 'addotp' only contains lower-cased ascii characters. Such names may become reserved for the language. [C:\Users\IT Department\Desktop\NCD-API\MH.Infrastructure\MH.Infrastructure.csproj]
C:\Users\IT Department\Desktop\NCD-API\MH.Infrastructure\Migrations\20230602104925_modify-medical-history.cs(8,26): warning CS8981: The type name 'modifymedicalhistory' only contains lower-cased ascii characters. Such names may become reserved for the language. [C:\Users\IT Department\Desktop\NCD-API\MH.Infrastructure\MH.Infrastructure.csproj]
C:\Users\IT Department\Desktop\NCD-API\MH.Infrastructure\Migrations\20230602104925_modify-medical-history.Designer.cs(16,19): warning CS8981: The type name 'modifymedicalhistory' only contains lower-cased ascii characters. Such names may become reserved for the language. [C:\Users\IT Department\Desktop\NCD-API\MH.Infrastructure\MH.Infrastructure.csproj]
C:\Users\IT Department\Desktop\NCD-API\MH.Infrastructure\Migrations\20240216064716_rename-bloodpressure.cs(8,26): warning CS8981: The type name 'renamebloodpressure' only contains lower-cased ascii characters. Such names may become reserved for the language. [C:\Users\IT Department\Desktop\NCD-API\MH.Infrastructure\MH.Infrastructure.csproj]
C:\Users\IT Department\Desktop\NCD-API\MH.Infrastructure\Migrations\20240216064716_rename-bloodpressure.Designer.cs(16,19): warning CS8981: The type name 'renamebloodpressure' only contains lower-cased ascii characters. Such names may become reserved for the language. [C:\Users\IT Department\Desktop\NCD-API\MH.Infrastructure\MH.Infrastructure.csproj]
C:\Users\IT Department\Desktop\NCD-API\MH.Infrastructure\Repository\AppointmentRepository.cs(14,47): warning CS0108: 'AppointmentRepository._context' hides inherited member 'Repository<Appointment, int>._context'. Use the new keyword if hiding was intended. [C:\Users\IT Department\Desktop\NCD-API\MH.Infrastructure\MH.Infrastructure.csproj]
C:\Users\IT Department\Desktop\NCD-API\MH.Infrastructure\Repository\ContactDetailsRepository.cs(14,47): warning CS0108: 'ContactDetailsRepository._context' hides inherited member 'Repository<ContactDetails, int>._context'. Use the new keyword if hiding was intended. [C:\Users\IT Department\Desktop\NCD-API\MH.Infrastructure\MH.Infrastructure.csproj]
C:\Users\IT Department\Desktop\NCD-API\MH.Infrastructure\Repository\IssueRepository.cs(14,47): warning CS0108: 'IssueRepository._context' hides inherited member 'Repository<Issue, int>._context'. Use the new keyword if hiding was intended. [C:\Users\IT Department\Desktop\NCD-API\MH.Infrastructure\MH.Infrastructure.csproj]
C:\Users\IT Department\Desktop\NCD-API\MH.Infrastructure\Repository\MedicalHistoryRepository.cs(14,47): warning CS0108: 'MedicalHistoryRepository._context' hides inherited member 'Repository<MedicalHistory, int>._context'. Use the new keyword if hiding was intended. [C:\Users\IT Department\Desktop\NCD-API\MH.Infrastructure\MH.Infrastructure.csproj]
C:\Users\IT Department\Desktop\NCD-API\MH.Infrastructure\Repository\OtpRepository.cs(14,47): warning CS0108: 'OtpRepository._context' hides inherited member 'Repository<Otp, int>._context'. Use the new keyword if hiding was intended. [C:\Users\IT Department\Desktop\NCD-API\MH.Infrastructure\MH.Infrastructure.csproj]
C:\Users\IT Department\Desktop\NCD-API\MH.Infrastructure\Repository\PatientRepository.cs(14,47): warning CS0108: 'PatientRepository._context' hides inherited member 'Repository<Patient, int>._context'. Use the new keyword if hiding was intended. [C:\Users\IT Department\Desktop\NCD-API\MH.Infrastructure\MH.Infrastructure.csproj]
C:\Users\IT Department\Desktop\NCD-API\MH.Infrastructure\Repository\PositionRepository.cs(14,47): warning CS0108: 'PositionRepository._context' hides inherited member 'Repository<Position, int>._context'. Use the new keyword if hiding was intended. [C:\Users\IT Department\Desktop\NCD-API\MH.Infrastructure\MH.Infrastructure.csproj]
C:\Users\IT Department\Desktop\NCD-API\MH.Infrastructure\Repository\PriorityRepository.cs(14,47): warning CS0108: 'PriorityRepository._context' hides inherited member 'Repository<Priority, int>._context'. Use the new keyword if hiding was intended. [C:\Users\IT Department\Desktop\NCD-API\MH.Infrastructure\MH.Infrastructure.csproj]
C:\Users\IT Department\Desktop\NCD-API\MH.Infrastructure\Repository\TicketDetailsRepository.cs(14,47): warning CS0108: 'TicketDetailsRepository._context' hides inherited member 'Repository<TicketDetails, int>._context'. Use the new keyword if hiding was intended. [C:\Users\IT Department\Desktop\NCD-API\MH.Infrastructure\MH.Infrastructure.csproj]
C:\Users\IT Department\Desktop\NCD-API\MH.Infrastructure\Repository\InventoryItemRepository.cs(11,47): warning CS0108: 'InventoryItemRepository._context' hides inherited member 'Repository<InventoryItem, int>._context'. Use the new keyword if hiding was intended. [C:\Users\IT Department\Desktop\NCD-API\MH.Infrastructure\MH.Infrastructure.csproj]
C:\Users\IT Department\Desktop\NCD-API\MH.Infrastructure\Repository\TicketStatusRepository.cs(14,47): warning CS0108: 'TicketStatusRepository._context' hides inherited member 'Repository<TicketStatus, int>._context'. Use the new keyword if hiding was intended. [C:\Users\IT Department\Desktop\NCD-API\MH.Infrastructure\MH.Infrastructure.csproj]
C:\Users\IT Department\Desktop\NCD-API\MH.Infrastructure\Repository\LocationRepository.cs(11,47): warning CS0108: 'LocationRepository._context' hides inherited member 'Repository<Province, int>._context'. Use the new keyword if hiding was intended. [C:\Users\IT Department\Desktop\NCD-API\MH.Infrastructure\MH.Infrastructure.csproj]
C:\Users\IT Department\Desktop\NCD-API\MH.Infrastructure\Repository\UserProfileRepository.cs(14,47): warning CS0108: 'UserProfileRepository._context' hides inherited member 'Repository<UserProfile, int>._context'. Use the new keyword if hiding was intended. [C:\Users\IT Department\Desktop\NCD-API\MH.Infrastructure\MH.Infrastructure.csproj]
C:\Users\IT Department\Desktop\NCD-API\MH.Infrastructure\Repository\SaleRepository.cs(11,47): warning CS0108: 'SaleRepository._context' hides inherited member 'Repository<Sale, int>._context'. Use the new keyword if hiding was intended. [C:\Users\IT Department\Desktop\NCD-API\MH.Infrastructure\MH.Infrastructure.csproj]
C:\Users\IT Department\Desktop\NCD-API\MH.Infrastructure\Repository\TrainingSessionRepository.cs(11,47): warning CS0108: 'TrainingSessionRepository._context' hides inherited member 'Repository<TrainingSession, int>._context'. Use the new keyword if hiding was intended. [C:\Users\IT Department\Desktop\NCD-API\MH.Infrastructure\MH.Infrastructure.csproj]
C:\Users\IT Department\Desktop\NCD-API\MH.Infrastructure\UnitOfWork\UnitOfWork.cs(18,16): warning CS8618: Non-nullable field '_issueRepository' must contain a non-null value when exiting constructor. Consider adding the 'required' modifier or declaring the field as nullable. [C:\Users\IT Department\Desktop\NCD-API\MH.Infrastructure\MH.Infrastructure.csproj]
C:\Users\IT Department\Desktop\NCD-API\MH.Infrastructure\UnitOfWork\UnitOfWork.cs(18,16): warning CS8618: Non-nullable field '_ticketDetailsRepository' must contain a non-null value when exiting constructor. Consider adding the 'required' modifier or declaring the field as nullable. [C:\Users\IT Department\Desktop\NCD-API\MH.Infrastructure\MH.Infrastructure.csproj]
C:\Users\IT Department\Desktop\NCD-API\MH.Infrastructure\UnitOfWork\UnitOfWork.cs(18,16): warning CS8618: Non-nullable field '_priorityRepository' must contain a non-null value when exiting constructor. Consider adding the 'required' modifier or declaring the field as nullable. [C:\Users\IT Department\Desktop\NCD-API\MH.Infrastructure\MH.Infrastructure.csproj]
C:\Users\IT Department\Desktop\NCD-API\MH.Infrastructure\UnitOfWork\UnitOfWork.cs(18,16): warning CS8618: Non-nullable field '_ticketStatusRepository' must contain a non-null value when exiting constructor. Consider adding the 'required' modifier or declaring the field as nullable. [C:\Users\IT Department\Desktop\NCD-API\MH.Infrastructure\MH.Infrastructure.csproj]
C:\Users\IT Department\Desktop\NCD-API\MH.Infrastructure\UnitOfWork\UnitOfWork.cs(18,16): warning CS8618: Non-nullable field '_otpRepository' must contain a non-null value when exiting constructor. Consider adding the 'required' modifier or declaring the field as nullable. [C:\Users\IT Department\Desktop\NCD-API\MH.Infrastructure\MH.Infrastructure.csproj]
C:\Users\IT Department\Desktop\NCD-API\MH.Infrastructure\UnitOfWork\UnitOfWork.cs(18,16): warning CS8618: Non-nullable field '_appointmentRepository' must contain a non-null value when exiting constructor. Consider adding the 'required' modifier or declaring the field as nullable. [C:\Users\IT Department\Desktop\NCD-API\MH.Infrastructure\MH.Infrastructure.csproj]
C:\Users\IT Department\Desktop\NCD-API\MH.Infrastructure\UnitOfWork\UnitOfWork.cs(18,16): warning CS8618: Non-nullable field '_medicalHistoryRepository' must contain a non-null value when exiting constructor. Consider adding the 'required' modifier or declaring the field as nullable. [C:\Users\IT Department\Desktop\NCD-API\MH.Infrastructure\MH.Infrastructure.csproj]
C:\Users\IT Department\Desktop\NCD-API\MH.Infrastructure\UnitOfWork\UnitOfWork.cs(18,16): warning CS8618: Non-nullable field '_patientRepository' must contain a non-null value when exiting constructor. Consider adding the 'required' modifier or declaring the field as nullable. [C:\Users\IT Department\Desktop\NCD-API\MH.Infrastructure\MH.Infrastructure.csproj]
C:\Users\IT Department\Desktop\NCD-API\MH.Infrastructure\UnitOfWork\UnitOfWork.cs(18,16): warning CS8618: Non-nullable field '_contactDetailsRepository' must contain a non-null value when exiting constructor. Consider adding the 'required' modifier or declaring the field as nullable. [C:\Users\IT Department\Desktop\NCD-API\MH.Infrastructure\MH.Infrastructure.csproj]
C:\Users\IT Department\Desktop\NCD-API\MH.Infrastructure\UnitOfWork\UnitOfWork.cs(18,16): warning CS8618: Non-nullable field '_positionRepository' must contain a non-null value when exiting constructor. Consider adding the 'required' modifier or declaring the field as nullable. [C:\Users\IT Department\Desktop\NCD-API\MH.Infrastructure\MH.Infrastructure.csproj]
C:\Users\IT Department\Desktop\NCD-API\MH.Infrastructure\UnitOfWork\UnitOfWork.cs(18,16): warning CS8618: Non-nullable field '_userProfileRepository' must contain a non-null value when exiting constructor. Consider adding the 'required' modifier or declaring the field as nullable. [C:\Users\IT Department\Desktop\NCD-API\MH.Infrastructure\MH.Infrastructure.csproj]
C:\Users\IT Department\Desktop\NCD-API\MH.Infrastructure\External\SmsService.cs(16,27): warning CS1998: This async method lacks 'await' operators and will run synchronously. Consider using the 'await' operator to await non-blocking API calls, or 'await Task.Run(...)' to do CPU-bound work on a background thread. [C:\Users\IT Department\Desktop\NCD-API\MH.Infrastructure\MH.Infrastructure.csproj]
C:\Users\IT Department\Desktop\NCD-API\MH.Infrastructure\Repository\Repository.cs(47,47): warning CS1998: This async method lacks 'await' operators and will run synchronously. Consider using the 'await' operator to await non-blocking API calls, or 'await Task.Run(...)' to do CPU-bound work on a background thread. [C:\Users\IT Department\Desktop\NCD-API\MH.Infrastructure\MH.Infrastructure.csproj]
C:\Users\IT Department\Desktop\NCD-API\MH.Infrastructure\Repository\Repository.cs(91,72): warning CS8602: Dereference of a possibly null reference. [C:\Users\IT Department\Desktop\NCD-API\MH.Infrastructure\MH.Infrastructure.csproj]
C:\Users\IT Department\Desktop\NCD-API\MH.Infrastructure\Repository\Repository.cs(91,20): warning CS8603: Possible null reference return. [C:\Users\IT Department\Desktop\NCD-API\MH.Infrastructure\MH.Infrastructure.csproj]
C:\Users\IT Department\Desktop\NCD-API\MH.Infrastructure\Repository\Repository.cs(96,20): warning CS8603: Possible null reference return. [C:\Users\IT Department\Desktop\NCD-API\MH.Infrastructure\MH.Infrastructure.csproj]
C:\Users\IT Department\Desktop\NCD-API\MH.Infrastructure\Repository\Repository.cs(102,20): warning CS8603: Possible null reference return. [C:\Users\IT Department\Desktop\NCD-API\MH.Infrastructure\MH.Infrastructure.csproj]
C:\Users\IT Department\Desktop\NCD-API\MH.Infrastructure\Repository\Repository.cs(123,27): warning CS1998: This async method lacks 'await' operators and will run synchronously. Consider using the 'await' operator to await non-blocking API calls, or 'await Task.Run(...)' to do CPU-bound work on a background thread. [C:\Users\IT Department\Desktop\NCD-API\MH.Infrastructure\MH.Infrastructure.csproj]
C:\Users\IT Department\Desktop\NCD-API\MH.Infrastructure\Repository\Repository.cs(127,27): warning CS1998: This async method lacks 'await' operators and will run synchronously. Consider using the 'await' operator to await non-blocking API calls, or 'await Task.Run(...)' to do CPU-bound work on a background thread. [C:\Users\IT Department\Desktop\NCD-API\MH.Infrastructure\MH.Infrastructure.csproj]
C:\Users\IT Department\Desktop\NCD-API\MH.Infrastructure\Repository\Repository.cs(137,27): warning CS1998: This async method lacks 'await' operators and will run synchronously. Consider using the 'await' operator to await non-blocking API calls, or 'await Task.Run(...)' to do CPU-bound work on a background thread. [C:\Users\IT Department\Desktop\NCD-API\MH.Infrastructure\MH.Infrastructure.csproj]
C:\Users\IT Department\Desktop\NCD-API\MH.Infrastructure\Repository\Repository.cs(142,27): warning CS1998: This async method lacks 'await' operators and will run synchronously. Consider using the 'await' operator to await non-blocking API calls, or 'await Task.Run(...)' to do CPU-bound work on a background thread. [C:\Users\IT Department\Desktop\NCD-API\MH.Infrastructure\MH.Infrastructure.csproj]
C:\Users\IT Department\Desktop\NCD-API\MH.Infrastructure\Repository\RoleRepository.cs(17,20): warning CS8603: Possible null reference return. [C:\Users\IT Department\Desktop\NCD-API\MH.Infrastructure\MH.Infrastructure.csproj]
C:\Users\IT Department\Desktop\NCD-API\MH.Infrastructure\Repository\UserRepository.cs(59,20): warning CS8603: Possible null reference return. [C:\Users\IT Department\Desktop\NCD-API\MH.Infrastructure\MH.Infrastructure.csproj]
C:\Users\IT Department\Desktop\NCD-API\MH.Infrastructure\UnitOfWork\UnitOfWork.cs(36,32): warning CS0649: Field 'UnitOfWork._otpRepository' is never assigned to, and will always have its default value null [C:\Users\IT Department\Desktop\NCD-API\MH.Infrastructure\MH.Infrastructure.csproj]
C:\Users\IT Department\Desktop\NCD-API\MH.Infrastructure\UnitOfWork\UnitOfWork.cs(33,41): warning CS0649: Field 'UnitOfWork._ticketStatusRepository' is never assigned to, and will always have its default value null [C:\Users\IT Department\Desktop\NCD-API\MH.Infrastructure\MH.Infrastructure.csproj]
C:\Users\IT Department\Desktop\NCD-API\MH.Infrastructure\UnitOfWork\UnitOfWork.cs(53,40): warning CS0649: Field 'UnitOfWork._userProfileRepository' is never assigned to, and will always have its default value null [C:\Users\IT Department\Desktop\NCD-API\MH.Infrastructure\MH.Infrastructure.csproj]
C:\Users\IT Department\Desktop\NCD-API\MH.Infrastructure\UnitOfWork\UnitOfWork.cs(45,36): warning CS0649: Field 'UnitOfWork._patientRepository' is never assigned to, and will always have its default value null [C:\Users\IT Department\Desktop\NCD-API\MH.Infrastructure\MH.Infrastructure.csproj]
C:\Users\IT Department\Desktop\NCD-API\MH.Infrastructure\UnitOfWork\UnitOfWork.cs(24,34): warning CS0649: Field 'UnitOfWork._issueRepository' is never assigned to, and will always have its default value null [C:\Users\IT Department\Desktop\NCD-API\MH.Infrastructure\MH.Infrastructure.csproj]
C:\Users\IT Department\Desktop\NCD-API\MH.Infrastructure\UnitOfWork\UnitOfWork.cs(48,43): warning CS0649: Field 'UnitOfWork._contactDetailsRepository' is never assigned to, and will always have its default value null [C:\Users\IT Department\Desktop\NCD-API\MH.Infrastructure\MH.Infrastructure.csproj]
C:\Users\IT Department\Desktop\NCD-API\MH.Infrastructure\UnitOfWork\UnitOfWork.cs(42,43): warning CS0649: Field 'UnitOfWork._medicalHistoryRepository' is never assigned to, and will always have its default value null [C:\Users\IT Department\Desktop\NCD-API\MH.Infrastructure\MH.Infrastructure.csproj]
C:\Users\IT Department\Desktop\NCD-API\MH.Infrastructure\UnitOfWork\UnitOfWork.cs(27,42): warning CS0649: Field 'UnitOfWork._ticketDetailsRepository' is never assigned to, and will always have its default value null [C:\Users\IT Department\Desktop\NCD-API\MH.Infrastructure\MH.Infrastructure.csproj]
C:\Users\IT Department\Desktop\NCD-API\MH.Infrastructure\UnitOfWork\UnitOfWork.cs(39,40): warning CS0649: Field 'UnitOfWork._appointmentRepository' is never assigned to, and will always have its default value null [C:\Users\IT Department\Desktop\NCD-API\MH.Infrastructure\MH.Infrastructure.csproj]
C:\Users\IT Department\Desktop\NCD-API\MH.Infrastructure\UnitOfWork\UnitOfWork.cs(56,37): warning CS0649: Field 'UnitOfWork._trainerRepository' is never assigned to, and will always have its default value null [C:\Users\IT Department\Desktop\NCD-API\MH.Infrastructure\MH.Infrastructure.csproj]
C:\Users\IT Department\Desktop\NCD-API\MH.Infrastructure\UnitOfWork\UnitOfWork.cs(30,37): warning CS0649: Field 'UnitOfWork._priorityRepository' is never assigned to, and will always have its default value null [C:\Users\IT Department\Desktop\NCD-API\MH.Infrastructure\MH.Infrastructure.csproj]
C:\Users\IT Department\Desktop\NCD-API\MH.Infrastructure\UnitOfWork\UnitOfWork.cs(51,37): warning CS0649: Field 'UnitOfWork._positionRepository' is never assigned to, and will always have its default value null [C:\Users\IT Department\Desktop\NCD-API\MH.Infrastructure\MH.Infrastructure.csproj]
C:\Users\IT Department\Desktop\NCD-API\MH.Infrastructure\Repository\LocationRepository.cs(20,35): error CS1061: 'ApplicationDbContext' does not contain a definition for 'Provinces' and no accessible extension method 'Provinces' accepting a first argument of type 'ApplicationDbContext' could be found (are you missing a using directive or an assembly reference?) [C:\Users\IT Department\Desktop\NCD-API\MH.Infrastructure\MH.Infrastructure.csproj]
C:\Users\IT Department\Desktop\NCD-API\MH.Infrastructure\Repository\LocationRepository.cs(29,35): error CS1061: 'ApplicationDbContext' does not contain a definition for 'Districts' and no accessible extension method 'Districts' accepting a first argument of type 'ApplicationDbContext' could be found (are you missing a using directive or an assembly reference?) [C:\Users\IT Department\Desktop\NCD-API\MH.Infrastructure\MH.Infrastructure.csproj]
C:\Users\IT Department\Desktop\NCD-API\MH.Infrastructure\Repository\LocationRepository.cs(39,35): error CS1061: 'ApplicationDbContext' does not contain a definition for 'Hospitals' and no accessible extension method 'Hospitals' accepting a first argument of type 'ApplicationDbContext' could be found (are you missing a using directive or an assembly reference?) [C:\Users\IT Department\Desktop\NCD-API\MH.Infrastructure\MH.Infrastructure.csproj]
C:\Users\IT Department\Desktop\NCD-API\MH.Infrastructure\Repository\LocationRepository.cs(51,35): error CS1061: 'ApplicationDbContext' does not contain a definition for 'Hospitals' and no accessible extension method 'Hospitals' accepting a first argument of type 'ApplicationDbContext' could be found (are you missing a using directive or an assembly reference?) [C:\Users\IT Department\Desktop\NCD-API\MH.Infrastructure\MH.Infrastructure.csproj]
C:\Users\IT Department\Desktop\NCD-API\MH.Infrastructure\Repository\LocationRepository.cs(62,35): error CS1061: 'ApplicationDbContext' does not contain a definition for 'Clinics' and no accessible extension method 'Clinics' accepting a first argument of type 'ApplicationDbContext' could be found (are you missing a using directive or an assembly reference?) [C:\Users\IT Department\Desktop\NCD-API\MH.Infrastructure\MH.Infrastructure.csproj]
C:\Users\IT Department\Desktop\NCD-API\MH.Infrastructure\Repository\LocationRepository.cs(74,35): error CS1061: 'ApplicationDbContext' does not contain a definition for 'Clinics' and no accessible extension method 'Clinics' accepting a first argument of type 'ApplicationDbContext' could be found (are you missing a using directive or an assembly reference?) [C:\Users\IT Department\Desktop\NCD-API\MH.Infrastructure\MH.Infrastructure.csproj]
C:\Users\IT Department\Desktop\NCD-API\MH.Infrastructure\Repository\LocationRepository.cs(85,35): error CS1061: 'ApplicationDbContext' does not contain a definition for 'Provinces' and no accessible extension method 'Provinces' accepting a first argument of type 'ApplicationDbContext' could be found (are you missing a using directive or an assembly reference?) [C:\Users\IT Department\Desktop\NCD-API\MH.Infrastructure\MH.Infrastructure.csproj]
C:\Users\IT Department\Desktop\NCD-API\MH.Infrastructure\Repository\LocationRepository.cs(91,35): error CS1061: 'ApplicationDbContext' does not contain a definition for 'Provinces' and no accessible extension method 'Provinces' accepting a first argument of type 'ApplicationDbContext' could be found (are you missing a using directive or an assembly reference?) [C:\Users\IT Department\Desktop\NCD-API\MH.Infrastructure\MH.Infrastructure.csproj]
C:\Users\IT Department\Desktop\NCD-API\MH.Infrastructure\Repository\SaleRepository.cs(20,35): error CS1061: 'ApplicationDbContext' does not contain a definition for 'Sales' and no accessible extension method 'Sales' accepting a first argument of type 'ApplicationDbContext' could be found (are you missing a using directive or an assembly reference?) [C:\Users\IT Department\Desktop\NCD-API\MH.Infrastructure\MH.Infrastructure.csproj]
C:\Users\IT Department\Desktop\NCD-API\MH.Infrastructure\Repository\SaleRepository.cs(29,35): error CS1061: 'ApplicationDbContext' does not contain a definition for 'Sales' and no accessible extension method 'Sales' accepting a first argument of type 'ApplicationDbContext' could be found (are you missing a using directive or an assembly reference?) [C:\Users\IT Department\Desktop\NCD-API\MH.Infrastructure\MH.Infrastructure.csproj]
C:\Users\IT Department\Desktop\NCD-API\MH.Infrastructure\Repository\SaleRepository.cs(38,35): error CS1061: 'ApplicationDbContext' does not contain a definition for 'Sales' and no accessible extension method 'Sales' accepting a first argument of type 'ApplicationDbContext' could be found (are you missing a using directive or an assembly reference?) [C:\Users\IT Department\Desktop\NCD-API\MH.Infrastructure\MH.Infrastructure.csproj]
C:\Users\IT Department\Desktop\NCD-API\MH.Infrastructure\Repository\SaleRepository.cs(47,35): error CS1061: 'ApplicationDbContext' does not contain a definition for 'Sales' and no accessible extension method 'Sales' accepting a first argument of type 'ApplicationDbContext' could be found (are you missing a using directive or an assembly reference?) [C:\Users\IT Department\Desktop\NCD-API\MH.Infrastructure\MH.Infrastructure.csproj]
C:\Users\IT Department\Desktop\NCD-API\MH.Infrastructure\Repository\SaleRepository.cs(56,35): error CS1061: 'ApplicationDbContext' does not contain a definition for 'Sales' and no accessible extension method 'Sales' accepting a first argument of type 'ApplicationDbContext' could be found (are you missing a using directive or an assembly reference?) [C:\Users\IT Department\Desktop\NCD-API\MH.Infrastructure\MH.Infrastructure.csproj]
C:\Users\IT Department\Desktop\NCD-API\MH.Infrastructure\Repository\SaleRepository.cs(63,34): error CS1061: 'ApplicationDbContext' does not contain a definition for 'Sales' and no accessible extension method 'Sales' accepting a first argument of type 'ApplicationDbContext' could be found (are you missing a using directive or an assembly reference?) [C:\Users\IT Department\Desktop\NCD-API\MH.Infrastructure\MH.Infrastructure.csproj]
C:\Users\IT Department\Desktop\NCD-API\MH.Infrastructure\Repository\SaleRepository.cs(79,43): error CS1061: 'ApplicationDbContext' does not contain a definition for 'Sales' and no accessible extension method 'Sales' accepting a first argument of type 'ApplicationDbContext' could be found (are you missing a using directive or an assembly reference?) [C:\Users\IT Department\Desktop\NCD-API\MH.Infrastructure\MH.Infrastructure.csproj]
C:\Users\IT Department\Desktop\NCD-API\MH.Infrastructure\Repository\TrainingSessionRepository.cs(20,35): error CS1061: 'ApplicationDbContext' does not contain a definition for 'TrainingSessions' and no accessible extension method 'TrainingSessions' accepting a first argument of type 'ApplicationDbContext' could be found (are you missing a using directive or an assembly reference?) [C:\Users\IT Department\Desktop\NCD-API\MH.Infrastructure\MH.Infrastructure.csproj]
C:\Users\IT Department\Desktop\NCD-API\MH.Infrastructure\Repository\TrainingSessionRepository.cs(30,35): error CS1061: 'ApplicationDbContext' does not contain a definition for 'TrainingSessions' and no accessible extension method 'TrainingSessions' accepting a first argument of type 'ApplicationDbContext' could be found (are you missing a using directive or an assembly reference?) [C:\Users\IT Department\Desktop\NCD-API\MH.Infrastructure\MH.Infrastructure.csproj]
C:\Users\IT Department\Desktop\NCD-API\MH.Infrastructure\Repository\TrainingSessionRepository.cs(40,35): error CS1061: 'ApplicationDbContext' does not contain a definition for 'TrainingSessions' and no accessible extension method 'TrainingSessions' accepting a first argument of type 'ApplicationDbContext' could be found (are you missing a using directive or an assembly reference?) [C:\Users\IT Department\Desktop\NCD-API\MH.Infrastructure\MH.Infrastructure.csproj]
C:\Users\IT Department\Desktop\NCD-API\MH.Infrastructure\Repository\SaleRepository.cs(100,40): error CS1061: 'ApplicationDbContext' does not contain a definition for 'Sales' and no accessible extension method 'Sales' accepting a first argument of type 'ApplicationDbContext' could be found (are you missing a using directive or an assembly reference?) [C:\Users\IT Department\Desktop\NCD-API\MH.Infrastructure\MH.Infrastructure.csproj]
C:\Users\IT Department\Desktop\NCD-API\MH.Infrastructure\Repository\TrainingSessionRepository.cs(50,35): error CS1061: 'ApplicationDbContext' does not contain a definition for 'TrainingSessions' and no accessible extension method 'TrainingSessions' accepting a first argument of type 'ApplicationDbContext' could be found (are you missing a using directive or an assembly reference?) [C:\Users\IT Department\Desktop\NCD-API\MH.Infrastructure\MH.Infrastructure.csproj]
C:\Users\IT Department\Desktop\NCD-API\MH.Infrastructure\Repository\TrainingSessionRepository.cs(60,35): error CS1061: 'ApplicationDbContext' does not contain a definition for 'TrainingSessions' and no accessible extension method 'TrainingSessions' accepting a first argument of type 'ApplicationDbContext' could be found (are you missing a using directive or an assembly reference?) [C:\Users\IT Department\Desktop\NCD-API\MH.Infrastructure\MH.Infrastructure.csproj]
C:\Users\IT Department\Desktop\NCD-API\MH.Infrastructure\Repository\TrainingSessionRepository.cs(67,35): error CS1061: 'ApplicationDbContext' does not contain a definition for 'TrainingSessions' and no accessible extension method 'TrainingSessions' accepting a first argument of type 'ApplicationDbContext' could be found (are you missing a using directive or an assembly reference?) [C:\Users\IT Department\Desktop\NCD-API\MH.Infrastructure\MH.Infrastructure.csproj]
C:\Users\IT Department\Desktop\NCD-API\MH.Infrastructure\Repository\SaleRepository.cs(117,50): error CS1061: 'ApplicationDbContext' does not contain a definition for 'Sales' and no accessible extension method 'Sales' accepting a first argument of type 'ApplicationDbContext' could be found (are you missing a using directive or an assembly reference?) [C:\Users\IT Department\Desktop\NCD-API\MH.Infrastructure\MH.Infrastructure.csproj]
C:\Users\IT Department\Desktop\NCD-API\MH.Infrastructure\Repository\SaleRepository.cs(136,46): error CS1061: 'ApplicationDbContext' does not contain a definition for 'SaleItems' and no accessible extension method 'SaleItems' accepting a first argument of type 'ApplicationDbContext' could be found (are you missing a using directive or an assembly reference?) [C:\Users\IT Department\Desktop\NCD-API\MH.Infrastructure\MH.Infrastructure.csproj]
C:\Users\IT Department\Desktop\NCD-API\MH.Infrastructure\Repository\SaleRepository.cs(156,35): error CS1061: 'ApplicationDbContext' does not contain a definition for 'Sales' and no accessible extension method 'Sales' accepting a first argument of type 'ApplicationDbContext' could be found (are you missing a using directive or an assembly reference?) [C:\Users\IT Department\Desktop\NCD-API\MH.Infrastructure\MH.Infrastructure.csproj]
    77 Warning(s)
    25 Error(s)

Time Elapsed 00:00:01.45

Workload updates are available. Run `dotnet workload list` for more information.
